
> headless-wordpress-nextjs-ecommerce@0.1.0 build
> next build

  Γû▓ Next.js 14.2.32
  - Environments: .env.local

   Creating an optimized production build ...
 Γ£ô Compiled successfully
   Linting and checking validity of types ...
   Collecting page data ...
≡ƒöù WordPress API URL: https://headless.webpro.web.tbdev.in/wp-json/wp/v2
WooCommerce API Configuration: {
  originalBaseURL: 'https://headless.webpro.web.tbdev.in',
  woocommerceBaseURL: 'https://headless.webpro.web.tbdev.in/wp-json/wc/v3',
  consumerKey: 'ck_1eb6d...',
  consumerSecret: 'cs_1d95d...',
  isConfigured: true,
  environment: 'production',
  isServer: true
}
≡ƒöù WordPress API URL: https://headless.webpro.web.tbdev.in/wp-json/wp/v2
WooCommerce API Configuration: {
  originalBaseURL: 'https://headless.webpro.web.tbdev.in',
  woocommerceBaseURL: 'https://headless.webpro.web.tbdev.in/wp-json/wc/v3',
  consumerKey: 'ck_1eb6d...',
  consumerSecret: 'cs_1d95d...',
  isConfigured: true,
  environment: 'production',
  isServer: true
}
≡ƒöù WordPress API URL: https://headless.webpro.web.tbdev.in/wp-json/wp/v2
WooCommerce API Configuration: {
  originalBaseURL: 'https://headless.webpro.web.tbdev.in',
  woocommerceBaseURL: 'https://headless.webpro.web.tbdev.in/wp-json/wc/v3',
  consumerKey: 'ck_1eb6d...',
  consumerSecret: 'cs_1d95d...',
  isConfigured: true,
  environment: 'production',
  isServer: true
}
WooCommerce API Configuration: {
  originalBaseURL: 'https://headless.webpro.web.tbdev.in',
  woocommerceBaseURL: 'https://headless.webpro.web.tbdev.in/wp-json/wc/v3',
  consumerKey: 'ck_1eb6d...',
  consumerSecret: 'cs_1d95d...',
  isConfigured: true,
  environment: 'production',
  isServer: true
}
≡ƒöù WordPress API URL: https://headless.webpro.web.tbdev.in/wp-json/wp/v2
≡ƒöù WordPress API URL: https://headless.webpro.web.tbdev.in/wp-json/wp/v2
WooCommerce API Configuration: {
  originalBaseURL: 'https://headless.webpro.web.tbdev.in',
  woocommerceBaseURL: 'https://headless.webpro.web.tbdev.in/wp-json/wc/v3',
  consumerKey: 'ck_1eb6d...',
  consumerSecret: 'cs_1d95d...',
  isConfigured: true,
  environment: 'production',
  isServer: true
}
≡ƒöù WordPress API URL: https://headless.webpro.web.tbdev.in/wp-json/wp/v2
≡ƒöù WordPress API URL: https://headless.webpro.web.tbdev.in/wp-json/wp/v2
node.exe : Error: Neither apiKey nor config.authenticator 
provided
At line:1 char:1
+ & "C:\Program Files\nodejs/node.exe" "C:\Program 
Files\nodejs/node_mo ...
+ ~~~~~~~~~~~~~~~~~~~~~~~~~~~~~~~~~~~~~~~~~~~~~~~~~~~~~~~~
~~~~~~~~~~~~~
    + CategoryInfo          : NotSpecified: (Error: Neith 
   er ...icator provided:String) [], RemoteException
    + FullyQualifiedErrorId : NativeCommandError
 
    at r._setAuthenticator (C:\Users\sneha.cp_techbrein\On
eDrive\Desktop\Headless_wordpress\Headless-wordpress-site\
.next\server\chunks\1988.js:1:111206)
    at new r (C:\Users\sneha.cp_techbrein\OneDrive\Desktop
\Headless_wordpress\Headless-wordpress-site\.next\server\c
hunks\1988.js:1:105821)
    at 9969 (C:\Users\sneha.cp_techbrein\OneDrive\Desktop\
Headless_wordpress\Headless-wordpress-site\.next\server\ap
p\api\stripe\create-payment-intent\route.js:1:734)
    at t (C:\Users\sneha.cp_techbrein\OneDrive\Desktop\Hea
dless_wordpress\Headless-wordpress-site\.next\server\webpa
ck-runtime.js:1:127)
    at r (C:\Users\sneha.cp_techbrein\OneDrive\Desktop\Hea
dless_wordpress\Headless-wordpress-site\.next\server\app\a
pi\stripe\create-payment-intent\route.js:1:3149)
    at C:\Users\sneha.cp_techbrein\OneDrive\Desktop\Headle
ss_wordpress\Headless-wordpress-site\.next\server\app\api\
stripe\create-payment-intent\route.js:1:3192
    at t.X (C:\Users\sneha.cp_techbrein\OneDrive\Desktop\H
eadless_wordpress\Headless-wordpress-site\.next\server\web
pack-runtime.js:1:1191)
    at C:\Users\sneha.cp_techbrein\OneDrive\Desktop\Headle
ss_wordpress\Headless-wordpress-site\.next\server\app\api\
stripe\create-payment-intent\route.js:1:3162
    at Object.<anonymous> (C:\Users\sneha.cp_techbrein\One
Drive\Desktop\Headless_wordpress\Headless-wordpress-site\.
next\server\app\api\stripe\create-payment-intent\route.js:
1:3219)
    at Module._compile 
(node:internal/modules/cjs/loader:1706:14)
WooCommerce API Configuration: {
  originalBaseURL: 'https://headless.webpro.web.tbdev.in',
  woocommerceBaseURL: 'https://headless.webpro.web.tbdev.in/wp-json/wc/v3',
  consumerKey: 'ck_1eb6d...',
  consumerSecret: 'cs_1d95d...',
  isConfigured: true,
  environment: 'production',
  isServer: true
}

> Build error occurred
Error: Failed to collect page data for 
/api/stripe/create-payment-intent
    at C:\Users\sneha.cp_techbrein\OneDrive\Desktop\Headle
ss_wordpress\Headless-wordpress-site\node_modules\next\dis
t\build\utils.js:1269:15
    at process.processTicksAndRejections 
(node:internal/process/task_queues:105:5) {
  type: 'Error'
}
